###############################################################################
#
# IAR ELF Linker V8.22.1.15669/W32 for ARM                22/Dec/2022  16:33:51
# Copyright 2007-2018 IAR Systems AB.
#
#    Output file  =  C:\Users\pnu7\Desktop\project_test\Debug\Exe\test.out
#    Map file     =  C:\Users\pnu7\Desktop\project_test\Debug\List\test.map
#    Command line =  
#        -f C:\Users\pnu7\AppData\Local\Temp\EW629.tmp
#        (C:\Users\pnu7\Desktop\project_test\Debug\Obj\core_cm3.o
#        C:\Users\pnu7\Desktop\project_test\Debug\Obj\lcd.o
#        C:\Users\pnu7\Desktop\project_test\Debug\Obj\main.o
#        C:\Users\pnu7\Desktop\project_test\Debug\Obj\misc.o
#        C:\Users\pnu7\Desktop\project_test\Debug\Obj\startup_stm32f10x_cl.o
#        C:\Users\pnu7\Desktop\project_test\Debug\Obj\stm32f10x_adc.o
#        C:\Users\pnu7\Desktop\project_test\Debug\Obj\stm32f10x_bkp.o
#        C:\Users\pnu7\Desktop\project_test\Debug\Obj\stm32f10x_can.o
#        C:\Users\pnu7\Desktop\project_test\Debug\Obj\stm32f10x_cec.o
#        C:\Users\pnu7\Desktop\project_test\Debug\Obj\stm32f10x_crc.o
#        C:\Users\pnu7\Desktop\project_test\Debug\Obj\stm32f10x_dac.o
#        C:\Users\pnu7\Desktop\project_test\Debug\Obj\stm32f10x_dbgmcu.o
#        C:\Users\pnu7\Desktop\project_test\Debug\Obj\stm32f10x_dma.o
#        C:\Users\pnu7\Desktop\project_test\Debug\Obj\stm32f10x_exti.o
#        C:\Users\pnu7\Desktop\project_test\Debug\Obj\stm32f10x_flash.o
#        C:\Users\pnu7\Desktop\project_test\Debug\Obj\stm32f10x_fsmc.o
#        C:\Users\pnu7\Desktop\project_test\Debug\Obj\stm32f10x_gpio.o
#        C:\Users\pnu7\Desktop\project_test\Debug\Obj\stm32f10x_i2c.o
#        C:\Users\pnu7\Desktop\project_test\Debug\Obj\stm32f10x_it.o
#        C:\Users\pnu7\Desktop\project_test\Debug\Obj\stm32f10x_iwdg.o
#        C:\Users\pnu7\Desktop\project_test\Debug\Obj\stm32f10x_pwr.o
#        C:\Users\pnu7\Desktop\project_test\Debug\Obj\stm32f10x_rcc.o
#        C:\Users\pnu7\Desktop\project_test\Debug\Obj\stm32f10x_rtc.o
#        C:\Users\pnu7\Desktop\project_test\Debug\Obj\stm32f10x_sdio.o
#        C:\Users\pnu7\Desktop\project_test\Debug\Obj\stm32f10x_spi.o
#        C:\Users\pnu7\Desktop\project_test\Debug\Obj\stm32f10x_tim.o
#        C:\Users\pnu7\Desktop\project_test\Debug\Obj\stm32f10x_usart.o
#        C:\Users\pnu7\Desktop\project_test\Debug\Obj\stm32f10x_wwdg.o
#        C:\Users\pnu7\Desktop\project_test\Debug\Obj\system_stm32f10x.o
#        C:\Users\pnu7\Desktop\project_test\Debug\Obj\touch.o -o
#        C:\Users\pnu7\Desktop\project_test\Debug\Exe\test.out --map
#        C:\Users\pnu7\Desktop\project_test\Debug\List\test.map --log
#        libraries,initialization,modules,redirects,sections,veneers,unused_fragments,call_graph
#        --log_file C:\Users\pnu7\Desktop\project_test\Debug\List\test.log
#        --config "C:\Program Files (x86)\IAR Systems\Embedded Workbench
#        8.0\arm\config\linker\ST\stm32f107xC.icf" --semihosting --entry
#        __iar_program_start --vfe --text_out locale)
#
###############################################################################

*******************************************************************************
*** RUNTIME MODEL ATTRIBUTES
***

CppFlavor       = *
__SystemLibrary = DLib
__dlib_version  = 6


*******************************************************************************
*** HEAP SELECTION
***

The basic heap was selected because some modules are built with
size limitations (and not runtime checking), and --advanced_heap
was not specified.


*******************************************************************************
*** PLACEMENT SUMMARY
***

"A0":  place at 0x08000000 { ro section .intvec };
"P1":  place in [from 0x08000000 to 0x0803ffff] { ro };
define block CSTACK with size = 4K, alignment = 8 { };
define block HEAP with size = 4K, alignment = 8 { };
"P2":  place in [from 0x20000000 to 0x2000ffff] {
          rw, block CSTACK, block HEAP };
initialize by copy { rw };

  Section            Kind        Address    Size  Object
  -------            ----        -------    ----  ------
"A0":                                      0x150
  .intvec            ro code  0x08000000   0x150  startup_stm32f10x_cl.o [1]
                            - 0x08000150   0x150

"P1":                                     0x2fbd
  .text              ro code  0x08000150   0xa20  lcd.o [1]
  .text              ro code  0x08000b70    0xdc  stm32f10x_gpio.o [1]
  .text              ro code  0x08000c4c   0x18c  stm32f10x_rcc.o [1]
  .text              ro code  0x08000dd8   0x6cc  main.o [1]
  .text              ro code  0x080014a4   0x18e  stm32f10x_usart.o [1]
  .text              ro code  0x08001632    0x1a  xsnprout.o [3]
  .text              ro code  0x0800164c    0x80  misc.o [1]
  .text              ro code  0x080016cc   0x138  stm32f10x_tim.o [1]
  .text              ro code  0x08001804   0x19c  stm32f10x_dma.o [1]
  .text              ro code  0x080019a0   0x1a0  stm32f10x_adc.o [1]
  .text              ro code  0x08001b40    0x44  snprintf.o [3]
  .text              ro code  0x08001b84   0x1a4  system_stm32f10x.o [1]
  .text              ro code  0x08001d28   0x142  xprintftiny.o [3]
  .text              ro code  0x08001e6c    0x36  strlen.o [5]
  .rodata            const    0x08001ea4   0x5f0  lcd.o [1]
  .rodata            const    0x08002494   0x594  lcd.o [1]
  .rodata            const    0x08002a28   0x474  lcd.o [1]
  .text              ro code  0x08002e9c    0x38  packbits_init_single.o [5]
  .text              ro code  0x08002ed4    0x28  data_init.o [5]
  .iar.init_table    const    0x08002efc    0x10  - Linker created -
  .text              ro code  0x08002f0c    0x1e  cmain.o [5]
  .text              ro code  0x08002f2a     0x4  low_level_init.o [3]
  .text              ro code  0x08002f2e     0x4  exit.o [3]
  .text              ro code  0x08002f34     0xa  cexit.o [5]
  .text              ro code  0x08002f40    0x14  exit.o [6]
  .rodata            const    0x08002f54    0x14  main.o [1]
  .text              ro code  0x08002f68    0x12  stm32f10x_it.o [1]
  .text              ro code  0x08002f7c    0x10  startup_stm32f10x_cl.o [1]
  .rodata            const    0x08002f8c     0xc  main.o [1]
  .rodata            const    0x08002f98     0xc  main.o [1]
  .text              ro code  0x08002fa4     0xc  cstartup_M.o [5]
  .rodata            const    0x08002fb0     0x8  main.o [1]
  .rodata            const    0x08002fb8     0x8  main.o [1]
  .rodata            const    0x08002fc0     0x8  main.o [1]
  .rodata            const    0x08002fc8     0x8  main.o [1]
  .rodata            const    0x08002fd0     0x8  main.o [1]
  .rodata            const    0x08002fd8     0x8  main.o [1]
  .text              ro code  0x08002fe0     0x4  startup_stm32f10x_cl.o [1]
  .text              ro code  0x08002fe4     0x4  startup_stm32f10x_cl.o [1]
  .text              ro code  0x08002fe8     0x4  startup_stm32f10x_cl.o [1]
  .text              ro code  0x08002fec     0x4  startup_stm32f10x_cl.o [1]
  .text              ro code  0x08002ff0     0x4  startup_stm32f10x_cl.o [1]
  .text              ro code  0x08002ff4     0x4  startup_stm32f10x_cl.o [1]
  .text              ro code  0x08002ff8     0x4  startup_stm32f10x_cl.o [1]
  .text              ro code  0x08002ffc     0x4  startup_stm32f10x_cl.o [1]
  .text              ro code  0x08003000     0x4  startup_stm32f10x_cl.o [1]
  .text              ro code  0x08003004     0x4  startup_stm32f10x_cl.o [1]
  .text              ro code  0x08003008     0x4  startup_stm32f10x_cl.o [1]
  .text              ro code  0x0800300c     0x4  startup_stm32f10x_cl.o [1]
  .text              ro code  0x08003010     0x4  startup_stm32f10x_cl.o [1]
  .text              ro code  0x08003014     0x4  startup_stm32f10x_cl.o [1]
  .text              ro code  0x08003018     0x4  startup_stm32f10x_cl.o [1]
  .text              ro code  0x0800301c     0x4  startup_stm32f10x_cl.o [1]
  .text              ro code  0x08003020     0x4  startup_stm32f10x_cl.o [1]
  .text              ro code  0x08003024     0x4  startup_stm32f10x_cl.o [1]
  .text              ro code  0x08003028     0x4  startup_stm32f10x_cl.o [1]
  .text              ro code  0x0800302c     0x4  startup_stm32f10x_cl.o [1]
  .text              ro code  0x08003030     0x4  startup_stm32f10x_cl.o [1]
  .text              ro code  0x08003034     0x4  startup_stm32f10x_cl.o [1]
  .text              ro code  0x08003038     0x4  startup_stm32f10x_cl.o [1]
  .text              ro code  0x0800303c     0x4  startup_stm32f10x_cl.o [1]
  .text              ro code  0x08003040     0x4  startup_stm32f10x_cl.o [1]
  .text              ro code  0x08003044     0x4  startup_stm32f10x_cl.o [1]
  .text              ro code  0x08003048     0x4  startup_stm32f10x_cl.o [1]
  .text              ro code  0x0800304c     0x4  startup_stm32f10x_cl.o [1]
  .text              ro code  0x08003050     0x4  startup_stm32f10x_cl.o [1]
  .text              ro code  0x08003054     0x4  startup_stm32f10x_cl.o [1]
  .text              ro code  0x08003058     0x4  startup_stm32f10x_cl.o [1]
  .text              ro code  0x0800305c     0x4  startup_stm32f10x_cl.o [1]
  .text              ro code  0x08003060     0x4  startup_stm32f10x_cl.o [1]
  .text              ro code  0x08003064     0x4  startup_stm32f10x_cl.o [1]
  .text              ro code  0x08003068     0x4  startup_stm32f10x_cl.o [1]
  .text              ro code  0x0800306c     0x4  startup_stm32f10x_cl.o [1]
  .text              ro code  0x08003070     0x4  startup_stm32f10x_cl.o [1]
  .text              ro code  0x08003074     0x4  startup_stm32f10x_cl.o [1]
  .text              ro code  0x08003078     0x4  startup_stm32f10x_cl.o [1]
  .text              ro code  0x0800307c     0x4  startup_stm32f10x_cl.o [1]
  .text              ro code  0x08003080     0x4  startup_stm32f10x_cl.o [1]
  .text              ro code  0x08003084     0x4  startup_stm32f10x_cl.o [1]
  .text              ro code  0x08003088     0x4  startup_stm32f10x_cl.o [1]
  .text              ro code  0x0800308c     0x4  startup_stm32f10x_cl.o [1]
  .text              ro code  0x08003090     0x4  startup_stm32f10x_cl.o [1]
  .text              ro code  0x08003094     0x4  startup_stm32f10x_cl.o [1]
  .text              ro code  0x08003098     0x4  startup_stm32f10x_cl.o [1]
  .text              ro code  0x0800309c     0x4  startup_stm32f10x_cl.o [1]
  .text              ro code  0x080030a0     0x4  startup_stm32f10x_cl.o [1]
  .text              ro code  0x080030a4     0x4  startup_stm32f10x_cl.o [1]
  .text              ro code  0x080030a8     0x4  startup_stm32f10x_cl.o [1]
  .text              ro code  0x080030ac     0x4  startup_stm32f10x_cl.o [1]
  .text              ro code  0x080030b0     0x4  startup_stm32f10x_cl.o [1]
  .text              ro code  0x080030b4     0x4  startup_stm32f10x_cl.o [1]
  .text              ro code  0x080030b8     0x4  startup_stm32f10x_cl.o [1]
  .text              ro code  0x080030bc     0x4  startup_stm32f10x_cl.o [1]
  .text              ro code  0x080030c0     0x4  startup_stm32f10x_cl.o [1]
  .text              ro code  0x080030c4     0x4  startup_stm32f10x_cl.o [1]
  .text              ro code  0x080030c8     0x4  startup_stm32f10x_cl.o [1]
  .text              ro code  0x080030cc     0x4  startup_stm32f10x_cl.o [1]
  .text              ro code  0x080030d0     0x4  startup_stm32f10x_cl.o [1]
  .text              ro code  0x080030d4     0x4  startup_stm32f10x_cl.o [1]
  .text              ro code  0x080030d8     0x4  startup_stm32f10x_cl.o [1]
  .text              ro code  0x080030dc     0x4  startup_stm32f10x_cl.o [1]
  .text              ro code  0x080030e0     0x4  startup_stm32f10x_cl.o [1]
  .text              ro code  0x080030e4     0x4  startup_stm32f10x_cl.o [1]
  .text              ro code  0x080030e8     0x4  startup_stm32f10x_cl.o [1]
  .text              ro code  0x080030ec     0x4  startup_stm32f10x_cl.o [1]
  .text              ro code  0x080030f0     0x4  startup_stm32f10x_cl.o [1]
  .text              ro code  0x080030f4     0x4  startup_stm32f10x_cl.o [1]
  .rodata            const    0x080030f8     0x0  packbits_init_single.o [5]
  Initializer bytes  const    0x080030f8    0x15  <for P2-1>
                            - 0x0800310d  0x2fbd

"P2", part 1 of 2:                          0x4a
  P2-1                        0x20000000    0x4a  <Init block>
    .data            inited   0x20000000    0x10  stm32f10x_rcc.o [1]
    .data            inited   0x20000010     0x4  stm32f10x_rcc.o [1]
    .bss             inited   0x20000014    0x10  main.o [1]
    .bss             inited   0x20000024     0x4  main.o [1]
    .bss             inited   0x20000028     0x4  main.o [1]
    .bss             inited   0x2000002c     0x4  main.o [1]
    .bss             inited   0x20000030     0x4  main.o [1]
    .bss             inited   0x20000034     0x4  main.o [1]
    .bss             inited   0x20000038     0xc  main.o [1]
    .bss             inited   0x20000044     0x2  lcd.o [1]
    .bss             inited   0x20000046     0x2  main.o [1]
    .bss             inited   0x20000048     0x2  main.o [1]
                            - 0x2000004a    0x4a

"P2", part 2 of 2:                        0x1000
  CSTACK                      0x20000050  0x1000  <Block>
    CSTACK           uninit   0x20000050  0x1000  <Block tail>
                            - 0x20001050  0x1000


*******************************************************************************
*** INIT TABLE
***

          Address     Size
          -------     ----
Copy/packbits (__iar_packbits_init_single3)
    1 source range, total size 0x15 (28% of destination):
          0x080030f8  0x15
    1 destination range, total size 0x4a:
          0x20000000  0x4a



*******************************************************************************
*** MODULE SUMMARY
***

    Module                  ro code  ro data  rw data
    ------                  -------  -------  -------
C:\Users\pnu7\Desktop\project_test\Debug\Obj: [1]
    lcd.o                     2 592    4 088        2
    main.o                    1 740      108       52
    misc.o                      128
    startup_stm32f10x_cl.o      632
    stm32f10x_adc.o             416
    stm32f10x_dma.o             412
    stm32f10x_gpio.o            220
    stm32f10x_it.o               18
    stm32f10x_rcc.o             396        5       20
    stm32f10x_tim.o             312
    stm32f10x_usart.o           398
    system_stm32f10x.o          420
    -------------------------------------------------
    Total:                    7 684    4 201       74

command line: [2]
    -------------------------------------------------
    Total:

dl7M_tln.a: [3]
    exit.o                        4
    low_level_init.o              4
    snprintf.o                   68
    xprintftiny.o               322
    xsnprout.o                   26
    -------------------------------------------------
    Total:                      424

m7M_tl.a: [4]
    -------------------------------------------------
    Total:

rt7M_tl.a: [5]
    cexit.o                      10
    cmain.o                      30
    cstartup_M.o                 12
    data_init.o                  40
    packbits_init_single.o       56
    strlen.o                     54
    -------------------------------------------------
    Total:                      202

shb_l.a: [6]
    exit.o                       20
    -------------------------------------------------
    Total:                       20

    Gaps                          8        2
    Linker created                        16    4 096
-----------------------------------------------------
    Grand Total:              8 338    4 219    4 170


*******************************************************************************
*** ENTRY LIST
***

Entry                      Address   Size  Type      Object
-----                      -------   ----  ----      ------
.iar.init_table$$Base   0x08002efc          --   Gb  - Linker created -
.iar.init_table$$Limit  0x08002f0c          --   Gb  - Linker created -
?main                   0x08002f0d         Code  Gb  cmain.o [5]
ADCPrescTable           0x20000010    0x4  Data  Lc  stm32f10x_rcc.o [1]
ADC_Cmd                 0x080019eb   0x1a  Code  Gb  stm32f10x_adc.o [1]
ADC_Configure           0x08001065   0xb0  Code  Gb  main.o [1]
ADC_DMACmd              0x08001a05   0x1a  Code  Gb  stm32f10x_adc.o [1]
ADC_GetCalibrationStatus
                        0x08001a45   0x12  Code  Gb  stm32f10x_adc.o [1]
ADC_GetResetCalibrationStatus
                        0x08001a29   0x12  Code  Gb  stm32f10x_adc.o [1]
ADC_Init                0x080019a1   0x4a  Code  Gb  stm32f10x_adc.o [1]
ADC_RegularChannelConfig
                        0x08001a71   0xc6  Code  Gb  stm32f10x_adc.o [1]
ADC_ResetCalibration    0x08001a1f    0xa  Code  Gb  stm32f10x_adc.o [1]
ADC_SoftwareStartConvCmd
                        0x08001a57   0x1a  Code  Gb  stm32f10x_adc.o [1]
ADC_StartCalibration    0x08001a3b    0xa  Code  Gb  stm32f10x_adc.o [1]
ADC_Values              0x20000014   0x10  Data  Gb  main.o [1]
APBAHBPrescTable        0x20000000   0x10  Data  Lc  stm32f10x_rcc.o [1]
BusFault_Handler        0x08002f6f    0x2  Code  Gb  stm32f10x_it.o [1]
CSTACK$$Base            0x20000050          --   Gb  - Linker created -
CSTACK$$Limit           0x20001050          --   Gb  - Linker created -
DMA_Cmd                 0x0800194b   0x1c  Code  Gb  stm32f10x_dma.o [1]
DMA_Configure           0x0800100b   0x5a  Code  Gb  main.o [1]
DMA_DeInit              0x08001805  0x10a  Code  Gb  stm32f10x_dma.o [1]
DMA_Init                0x0800190f   0x3c  Code  Gb  stm32f10x_dma.o [1]
DebugMon_Handler        0x08002f75    0x2  Code  Gb  stm32f10x_it.o [1]
Delay                   0x0800127d    0xe  Code  Gb  main.o [1]
DeviceCode              0x20000044    0x2  Data  Gb  lcd.o [1]
GBHZ_16                 0x08002494  0x594  Data  Gb  lcd.o [1]
GPIO_Configure          0x08000e3f   0xa2  Code  Gb  main.o [1]
GPIO_Init               0x08000b71   0xc4  Code  Gb  stm32f10x_gpio.o [1]
GPIO_ReadInputData      0x08000c35    0x6  Code  Gb  stm32f10x_gpio.o [1]
GPIO_ResetBits          0x08000c41    0x6  Code  Gb  stm32f10x_gpio.o [1]
GPIO_SetBits            0x08000c3b    0x6  Code  Gb  stm32f10x_gpio.o [1]
GPIO_Write              0x08000c47    0x6  Code  Gb  stm32f10x_gpio.o [1]
HardFault_Handler       0x08002f6b    0x2  Code  Gb  stm32f10x_it.o [1]
LCD_Clear               0x08000685   0x28  Code  Gb  lcd.o [1]
LCD_Configuration       0x08000299   0x74  Code  Lc  lcd.o [1]
LCD_Delay               0x0800030d   0x26  Code  Lc  lcd.o [1]
LCD_Init                0x0800034b  0x33a  Code  Gb  lcd.o [1]
LCD_ReadReg             0x080001e5   0x8c  Code  Lc  lcd.o [1]
LCD_SetCursor           0x080006ad   0x3e  Code  Gb  lcd.o [1]
LCD_ShowChar            0x0800072b  0x100  Code  Gb  lcd.o [1]
LCD_ShowCharString      0x0800082b   0x58  Code  Gb  lcd.o [1]
LCD_ShowHzString        0x08000af3   0x62  Code  Gb  lcd.o [1]
LCD_ShowNum             0x08000883   0xe8  Code  Gb  lcd.o [1]
LCD_ShowString          0x0800096b   0x5e  Code  Gb  lcd.o [1]
LCD_WR_DATA             0x0800019b   0x4a  Code  Lc  lcd.o [1]
LCD_WR_REG              0x08000151   0x4a  Code  Lc  lcd.o [1]
LCD_WindowMax           0x080006eb   0x40  Code  Gb  lcd.o [1]
LCD_WriteRAM            0x0800028f    0xa  Code  Lc  lcd.o [1]
LCD_WriteRAM_Prepare    0x08000285    0xa  Code  Lc  lcd.o [1]
LCD_WriteReg            0x08000271   0x14  Code  Lc  lcd.o [1]
MemManage_Handler       0x08002f6d    0x2  Code  Gb  stm32f10x_it.o [1]
NMI_Handler             0x08002f69    0x2  Code  Gb  stm32f10x_it.o [1]
NVIC_Configure          0x08000f37   0x78  Code  Gb  main.o [1]
NVIC_Init               0x08001657   0x60  Code  Gb  misc.o [1]
NVIC_PriorityGroupConfig
                        0x0800164d    0xa  Code  Gb  misc.o [1]
PendSV_Handler          0x08002f77    0x2  Code  Gb  stm32f10x_it.o [1]
RCC_AHBPeriphClockCmd   0x08000d51   0x20  Code  Gb  stm32f10x_rcc.o [1]
RCC_APB1PeriphClockCmd  0x08000d91   0x20  Code  Gb  stm32f10x_rcc.o [1]
RCC_APB2PeriphClockCmd  0x08000d71   0x20  Code  Gb  stm32f10x_rcc.o [1]
RCC_Configure           0x08000df7   0x48  Code  Gb  main.o [1]
RCC_GetClocksFreq       0x08000c4d  0x104  Code  Gb  stm32f10x_rcc.o [1]
Region$$Table$$Base     0x08002efc          --   Gb  - Linker created -
Region$$Table$$Limit    0x08002f0c          --   Gb  - Linker created -
SVC_Handler             0x08002f73    0x2  Code  Gb  stm32f10x_it.o [1]
SetSysClock             0x08001beb    0x8  Code  Lc  system_stm32f10x.o [1]
SetSysClockTo72         0x08001bf3  0x110  Code  Lc  system_stm32f10x.o [1]
SysTick_Handler         0x08002f79    0x2  Code  Gb  stm32f10x_it.o [1]
SystemInit              0x08001b85   0x66  Code  Gb  system_stm32f10x.o [1]
TIM2_IRQHandler         0x08001217   0x66  Code  Gb  main.o [1]
TIM_ARRPreloadConfig    0x08001793   0x1c  Code  Gb  stm32f10x_tim.o [1]
TIM_ClearITPendingBit   0x080017d3    0x8  Code  Gb  stm32f10x_tim.o [1]
TIM_Cmd                 0x0800175f   0x1c  Code  Gb  stm32f10x_tim.o [1]
TIM_Configure           0x08000faf   0x5c  Code  Gb  main.o [1]
TIM_GetITStatus         0x080017af   0x24  Code  Gb  stm32f10x_tim.o [1]
TIM_ITConfig            0x0800177b   0x18  Code  Gb  stm32f10x_tim.o [1]
TIM_TimeBaseInit        0x080016cd   0x92  Code  Gb  stm32f10x_tim.o [1]
TIM_TimeBaseStructure   0x20000038    0xc  Data  Gb  main.o [1]
USART2_IRQHandler       0x08001115   0x1a  Code  Gb  main.o [1]
USART2_Init             0x08000ee1   0x56  Code  Gb  main.o [1]
USART_Cmd               0x08001561   0x1c  Code  Gb  stm32f10x_usart.o [1]
USART_GetITStatus       0x080015d7   0x5c  Code  Gb  stm32f10x_usart.o [1]
USART_ITConfig          0x0800157d   0x4a  Code  Gb  stm32f10x_usart.o [1]
USART_Init              0x080014a5   0xb6  Code  Gb  stm32f10x_usart.o [1]
USART_ReceiveData       0x080015cf    0x8  Code  Gb  stm32f10x_usart.o [1]
USART_SendData          0x080015c7    0x8  Code  Gb  stm32f10x_usart.o [1]
UsageFault_Handler      0x08002f71    0x2  Code  Gb  stm32f10x_it.o [1]
WriteOneHz              0x08000a11   0xe2  Code  Lc  lcd.o [1]
_PrintfTiny             0x08001d45  0x126  Code  Gb  xprintftiny.o [3]
_SNProut                0x08001633   0x1a  Code  Gb  xsnprout.o [3]
__NVIC_EnableIRQ        0x08000dd9   0x1e  Code  Lc  main.o [1]
__cmain                 0x08002f0d         Code  Gb  cmain.o [5]
__exit                  0x08002f41   0x14  Code  Gb  exit.o [6]
__iar_data_init3        0x08002ed5   0x28  Code  Gb  data_init.o [5]
__iar_packbits_init_single3
                        0x08002e9d   0x38  Code  Gb  packbits_init_single.o [5]
__iar_program_start     0x08002fa5         Code  Gb  cstartup_M.o [5]
__iar_systems$$module {Abs}
                        0x00000001         Data  Gb  command line/config [2]
__low_level_init        0x08002f2b    0x4  Code  Gb  low_level_init.o [3]
__vector_table          0x08000000         Data  Gb  startup_stm32f10x_cl.o [1]
_call_main              0x08002f19         Code  Gb  cmain.o [5]
_exit                   0x08002f35         Code  Gb  cexit.o [5]
_main                   0x08002f27         Code  Gb  cmain.o [5]
asc2_1206               0x08002a28  0x474  Data  Gb  lcd.o [1]
asc2_1608               0x08001ea4  0x5f0  Data  Gb  lcd.o [1]
darkValue               0x20000028    0x4  Data  Gb  main.o [1]
div5                    0x20000046    0x2  Data  Gb  main.o [1]
dryValue                0x2000002c    0x4  Data  Gb  main.o [1]
exit                    0x08002f2f    0x4  Code  Gb  exit.o [3]
findHzIndex             0x080009c9   0x48  Code  Lc  lcd.o [1]
main                    0x08001295  0x19c  Code  Gb  main.o [1]
motorFlag               0x20000048    0x2  Data  Gb  main.o [1]
mypow                   0x08000333   0x18  Code  Lc  lcd.o [1]
out                     0x08001d29   0x1c  Code  Lc  xprintftiny.o [3]
pmsg                    0x20000034    0x4  Data  Gb  main.o [1]
sendDataUART2           0x0800112f   0x16  Code  Gb  main.o [1]
sendMessage_tempcold    0x0800118b   0x46  Code  Gb  main.o [1]
sendMessage_temphot     0x080011d1   0x46  Code  Gb  main.o [1]
sendMessage_water       0x08001145   0x46  Code  Gb  main.o [1]
snprintf                0x08001b41   0x44  Code  Gb  snprintf.o [3]
strlen                  0x08001e6d         Code  Gb  strlen.o [5]
tempValue               0x20000024    0x4  Data  Gb  main.o [1]
waterEmpty              0x20000030    0x4  Data  Gb  main.o [1]


[1] = C:\Users\pnu7\Desktop\project_test\Debug\Obj
[2] = command line
[3] = dl7M_tln.a
[4] = m7M_tl.a
[5] = rt7M_tl.a
[6] = shb_l.a

  8 338 bytes of readonly  code memory
  4 219 bytes of readonly  data memory
  4 170 bytes of readwrite data memory

Errors: none
Warnings: none
